// Jest Snapshot v1, https://goo.gl/fbAQLP

exports[`tests should create a user 1`] = `
{
  "kind": "single",
  "singleResult": {
    "data": null,
    "errors": [
      {
        "extensions": {
          "code": "INTERNAL_SERVER_ERROR",
          "stacktrace": [
            "TypeError: Cannot read properties of undefined (reading 'problem')",
            "    at resolve (/Users/kavinthanesjesdapong/trackr/server/src/graphql/schema/models/problems/queries/allProblems.ts:11:46)",
            "    at resolve (/Users/kavinthanesjesdapong/trackr/server/node_modules/@pothos/plugin-prisma/src/field-builder.ts:137:22)",
            "    at resolve (/Users/kavinthanesjesdapong/trackr/server/node_modules/@pothos/plugin-prisma/src/util/cursors.ts:307:25)",
            "    at resolve (/Users/kavinthanesjesdapong/trackr/server/node_modules/@pothos/plugin-prisma/src/field-builder.ts:120:38)",
            "    at field.resolve (/Users/kavinthanesjesdapong/trackr/server/node_modules/@apollo/server/src/utils/schemaInstrumentation.ts:82:22)",
            "    at executeField (/Users/kavinthanesjesdapong/trackr/server/node_modules/graphql/execution/execute.js:481:20)",
            "    at executeFields (/Users/kavinthanesjesdapong/trackr/server/node_modules/graphql/execution/execute.js:413:20)",
            "    at executeOperation (/Users/kavinthanesjesdapong/trackr/server/node_modules/graphql/execution/execute.js:344:14)",
            "    at execute (/Users/kavinthanesjesdapong/trackr/server/node_modules/graphql/execution/execute.js:136:20)",
            "    at executeIncrementally (/Users/kavinthanesjesdapong/trackr/server/node_modules/@apollo/server/src/incrementalDeliveryPolyfill.ts:109:17)",
            "    at processTicksAndRejections (node:internal/process/task_queues:95:5)",
            "    at execute (/Users/kavinthanesjesdapong/trackr/server/node_modules/@apollo/server/src/requestPipeline.ts:525:31)",
            "    at processGraphQLRequest (/Users/kavinthanesjesdapong/trackr/server/node_modules/@apollo/server/src/requestPipeline.ts:424:26)",
            "    at internalExecuteOperation (/Users/kavinthanesjesdapong/trackr/server/node_modules/@apollo/server/src/ApolloServer.ts:1263:12)",
            "    at ApolloServer.executeOperation (/Users/kavinthanesjesdapong/trackr/server/node_modules/@apollo/server/src/ApolloServer.ts:1198:39)",
            "    at Object.<anonymous> (/Users/kavinthanesjesdapong/trackr/server/src/__tests__/integration/graphql/schema/resolvers/mutation/createUser.int.test.ts:98:22)",
          ],
        },
        "locations": [
          {
            "column": 3,
            "line": 2,
          },
        ],
        "message": "Cannot read properties of undefined (reading 'problem')",
        "path": [
          "allProblems",
        ],
      },
    ],
  },
}
`;
