// Jest Snapshot v1, https://goo.gl/fbAQLP

exports[`mock queries all problems 1`] = `
{
  "data": null,
  "errors": [
    [GraphQLError: Cannot read properties of undefined (reading 'user')],
  ],
}
`;
